[themebubble.com/demo/webify/shop.html]
[backblue.gif]
[fade.gif]
[index.html]
[webify-13e95.kxcdn.com/demo/webify/shop/wp-content/cache/min/18/93f42c508d2a83e757eb2f3225de88ea.css]
[themebubble.com/demo/webify/shop/index.html]
[webify-13e95.kxcdn.com/demo/webify/shop/wp-content/uploads/sites/18/2019/06/vtru22pwbgm.jpg]
[cdn.jsdelivr.net/npm/@fortawesome/fontawesome-free@5.13.0/css/all.min8a54.css]
[themebubble.com/demo/webify/shop/comments/feed/index.html]
[themebubble.com/demo/webify/shop/feed/index.html]
[cdn.jsdelivr.net/npm/@fortawesome/fontawesome-free@5.13.0/css/v4-shims.min8a54.css]
[webify-13e95.kxcdn.com/demo/webify/shop/wp-content/themes/webify/assets/img/error-bg.jpg]
[webify-13e95.kxcdn.com/demo/webify/shop/wp-content/cache/busting/18/demo/webify/shop/wp-includes/js/jquery/jquery-1.12.4-wp.js]
[themebubble.com/demo/webify/shop/wp-json/index.html]
[themebubble.com/demo/webify/shop/wp-json/wp/v2/pages/60.json]
[themebubble.com/demo/webify/shop/wp-includes/wlwmanifest.xml]
[themebubble.com/demo/webify/shop/wp-json/oembed/1.0/embedf33d.json]
[themebubble.com/demo/webify/shop/wp-json/oembed/1.0/embeda06f]
[webify-13e95.kxcdn.com/demo/webify/shop/wp-content/uploads/sites/18/2019/05/cropped-favicon-32x32.png]
[webify-13e95.kxcdn.com/demo/webify/shop/wp-content/uploads/sites/18/2019/05/cropped-favicon-192x192.png]
[webify-13e95.kxcdn.com/demo/webify/shop/wp-content/uploads/sites/18/2019/05/cropped-favicon-180x180.png]
[webify-13e95.kxcdn.com/demo/webify/shop/wp-content/themes/webify/assets/img/logo-dark.png]
[webify-13e95.kxcdn.com/demo/webify/shop/wp-content/uploads/sites/18/2019/05/shop-hero-bg.jpg]
[webify-13e95.kxcdn.com/demo/webify/shop/wp-content/uploads/sites/18/2019/05/shop02.jpg]
[themebubble.com/demo/webify/shop/shop/index.html]
[webify-13e95.kxcdn.com/demo/webify/shop/wp-content/uploads/sites/18/2019/05/shop03.jpg]
[webify-13e95.kxcdn.com/demo/webify/shop/wp-content/uploads/sites/18/2019/06/Claudie_31P2E19-04_H_1.jpg]
[webify-13e95.kxcdn.com/demo/webify/shop/wp-content/uploads/sites/18/2019/06/Claudie_28R1E19-04_H_1.jpg]
[themebubble.com/demo/webify/shop/product-category/clothing/index.html]
[webify-13e95.kxcdn.com/demo/webify/shop/wp-content/uploads/sites/18/2019/06/Claudie_25G1E19-02_H_1.jpg]
[themebubble.com/demo/webify/shop/blog/index.html]
[webify-13e95.kxcdn.com/demo/webify/shop/wp-content/uploads/sites/18/2019/06/Claudie_72B1E19-02_H_1.jpg]
[themebubble.com/demo/webify/shop/my-account/index.html]
[themebubble.com/demo/webify/shop/cart/index.html]
[themebubble.com/demo/webify/shop/product/album/index.html]
[themebubble.com/demo/webify/shop/product-category/music/index.html]
[themebubble.com/demo/webify/shop/product/beanie/index.html]
[webify-13e95.kxcdn.com/demo/webify/shop/wp-content/uploads/sites/18/2019/06/Claudie_50R1E19-3684_H_1.jpg]
[themebubble.com/demo/webify/shop/product/beanie-with-logo/index.html]
[themebubble.com/demo/webify/shop/index6caa.html]
[webify-13e95.kxcdn.com/demo/webify/shop/wp-content/uploads/sites/18/2019/05/Claudie_67R2E19-0310_H_1.jpg]
[themebubble.com/demo/webify/shop/product/belt/index.html]
[themebubble.com/demo/webify/shop/indexfeb1.html]
[themebubble.com/demo/webify/shop/product/cap/index.html]
[themebubble.com/demo/webify/shop/index2256.html]
[webify-13e95.kxcdn.com/demo/webify/shop/wp-content/uploads/sites/18/2019/06/Claudie_79R1E19-6874_H_1.jpg]
[webify-13e95.kxcdn.com/demo/webify/shop/wp-content/uploads/sites/18/2019/05/shop08.jpg]
[webify-13e95.kxcdn.com/demo/webify/shop/wp-content/uploads/sites/18/2019/05/shop09.jpg]
[themebubble.com/demo/webify/shop/product/hoodie/index.html]
[webify-13e95.kxcdn.com/demo/webify/shop/wp-content/uploads/sites/18/2020/02/shop08.jpg]
[webify-13e95.kxcdn.com/demo/webify/shop/wp-content/uploads/sites/18/2020/02/shop09.jpg]
[webify-13e95.kxcdn.com/demo/webify/shop/wp-content/uploads/sites/18/2019/06/Claudie_45S1E19-02_H_1.jpg]
[themebubble.com/demo/webify/shop/indexbd81.html]
[webify-13e95.kxcdn.com/demo/webify/shop/wp-content/uploads/sites/18/2019/05/vnech-tee-green-1.jpg]
[themebubble.com/demo/webify/shop/product-category/clothing/hoodies/index.html]
[themebubble.com/demo/webify/shop/product/v-neck-t-shirt/index.html]
[themebubble.com/demo/webify/shop/product-category/clothing/tshirts/index.html]
[webify-13e95.kxcdn.com/demo/webify/shop/wp-content/uploads/sites/18/2019/05/Claudie_10R1E19-8652_H_1.jpg]
[themebubble.com/demo/webify/shop/product/hoodie-with-logo/index.html]
[themebubble.com/demo/webify/shop/product/t-shirt/index.html]
[webify-13e95.kxcdn.com/demo/webify/shop/wp-content/uploads/sites/18/2019/05/shop-client06.png]
[webify-13e95.kxcdn.com/demo/webify/shop/wp-content/uploads/sites/18/2019/05/shop-client05.png]
[themebubble.com/demo/webify/shop/indexa46f.html]
[webify-13e95.kxcdn.com/demo/webify/shop/wp-content/uploads/sites/18/2019/05/shop-client04.png]
[webify-13e95.kxcdn.com/demo/webify/shop/wp-content/uploads/sites/18/2019/05/shop-client03.png]
[webify-13e95.kxcdn.com/demo/webify/shop/wp-content/uploads/sites/18/2019/05/shop-client02.png]
[webify-13e95.kxcdn.com/demo/webify/shop/wp-content/uploads/sites/18/2019/05/shop-client01.png]
[webify-13e95.kxcdn.com/demo/webify/shop/wp-content/uploads/sites/18/2019/06/flovxzwbjj4.jpg]
[themebubble.com/demo/webify/shop/index45a2.html]
[webify-13e95.kxcdn.com/demo/webify/shop/wp-content/uploads/sites/18/2019/06/r5thd-aymps.jpg]
[webify-13e95.kxcdn.com/demo/webify/shop/wp-content/uploads/sites/18/2019/06/88tnht2g1k4.jpg]
[webify-13e95.kxcdn.com/demo/webify/shop/wp-content/plugins/instagram-feed-pro/img/placeholder.png]
[themebubble.com/demo/webify/shop/2019/04/15/the-thin-blur-line-between-corporate-lifestyle-other-things/index.html]
[themebubble.com/demo/webify/shop/author/developmentthemebubble/index.html]
[themebubble.com/demo/webify/shop/2019/04/15/halfway-though-a-decade-more/index.html]
[themebubble.com/demo/webify/shop/2019/04/15/how-to-live-a-balanced-life-like-everyone/index.html]
[scontent-lga3-2.cdninstagram.com/v/t51.2885-15/28154434_158152064890810_8978144677156880384_nc9f2.jpg]
[scontent-lga3-2.cdninstagram.com/v/t51.29350-15/157630006_1101577703600502_3895883505776708878_nd874.jpg]
[scontent-lga3-2.cdninstagram.com/v/t51.29350-15/127285049_725479621420802_884743392741981502_nac0b.jpg]
[scontent-lga3-2.cdninstagram.com/v/t51.2885-15/72636823_1167525730104920_2869345648416989022_n7a6d.jpg]
[scontent-lga3-2.cdninstagram.com/v/t51.29350-15/121592535_120579482951360_7072749248077966403_ncad2.jpg]
[scontent-lga3-2.cdninstagram.com/v/t51.2885-15/71148839_413882712604406_1327433591821273653_n29fe.jpg]
[themebubble.com/demo/webify/shop.html]
[webify-13e95.kxcdn.com/demo/webify/shop/wp-content/cache/min/18/06c2a690d5536df76a7310e61f9c8494.js]
[webify-13e95.kxcdn.com/demo/webify/shop/wp-content/plugins/instagram-feed-pro/img/sbi-sprite.png]
[webify-13e95.kxcdn.com/demo/webify/shop/wp-content/themes/webify/assets/img/drag.png]
[webify-13e95.kxcdn.com/demo/webify/shop/wp-content/plugins/woocommerce/assets/css/photoswipe/default-skin/default-skin.png]
[webify-13e95.kxcdn.com/demo/webify/shop/wp-content/plugins/woocommerce/assets/css/photoswipe/default-skin/preloader.gif]
[webify-13e95.kxcdn.com/demo/webify/shop/wp-content/cache/min/18/93f42c508d2a83e757eb2f3225de88ea.css]
[themebubble.com/demo/webify/shop/index.html]
[cdn.jsdelivr.net/npm/@fortawesome/fontawesome-free@5.13.0/css/all.min8a54.css]
[cdn.jsdelivr.net/npm/@fortawesome/fontawesome-free@5.13.0/css/v4-shims.min8a54.css]
[webify-13e95.kxcdn.com/demo/webify/shop/wp-content/cache/min/18/1261c020ece5491fb790b83cf92656f6.css]
[webify-13e95.kxcdn.com/demo/webify/shop/wp-content/uploads/sites/18/2019/06/isyapvdzb5i.jpg]
[webify-13e95.kxcdn.com/demo/webify/shop/wp-content/uploads/sites/18/2019/05/agg71899_camel_xl-1.jpg]
[themebubble.com/demo/webify/shop/shop/index6caa.html]
[themebubble.com/demo/webify/shop/shop/indexfeb1.html]
[themebubble.com/demo/webify/shop/shop/feed/index.html]
[themebubble.com/demo/webify/shop/shop/index2256.html]
[themebubble.com/demo/webify/shop/shop/indexa46f.html]
[webify-13e95.kxcdn.com/demo/webify/shop/wp-content/uploads/sites/18/2019/05/agg71899_camel_xl-1-300x300.jpg]
[themebubble.com/demo/webify/shop/shop/indexbd81.html]
[themebubble.com/demo/webify/shop/shop/index45a2.html]
[themebubble.com/demo/webify/shop/product/wordpress-pennant/index.html]
[webify-13e95.kxcdn.com/demo/webify/shop/wp-content/uploads/sites/18/2019/06/Claudie_72B1E19-02_H_1-300x300.jpg]
[themebubble.com/demo/webify/shop/shop/indexfd6b.html]
[themebubble.com/demo/webify/shop/product-category/uncategorized/index.html]
[themebubble.com/demo/webify/shop/product-category/decor/index.html]
[webify-13e95.kxcdn.com/demo/webify/shop/wp-content/uploads/sites/18/2019/06/Claudie_31P2E19-04_H_1-300x300.jpg]
[webify-13e95.kxcdn.com/demo/webify/shop/wp-content/uploads/sites/18/2019/05/Claudie_67R2E19-0310_H_1-300x300.jpg]
[webify-13e95.kxcdn.com/demo/webify/shop/wp-content/uploads/sites/18/2019/06/Claudie_50R1E19-3684_H_1-300x300.jpg]
[themebubble.com/demo/webify/shop/shop/index.html]
[webify-13e95.kxcdn.com/demo/webify/shop/wp-content/cache/min/18/8a40127d8c8f4ecc02718c635921d53a.js]
[webify-13e95.kxcdn.com/demo/webify/creative/wp-content/uploads/sites/8/2019/04/Untitled-1.png]
[webify-13e95.kxcdn.com/demo/webify/shop/wp-content/cache/min/18/80032d1c36a34c1f8e371c2f1d7fd04c.css]
[webify-13e95.kxcdn.com/demo/webify/shop/wp-content/uploads/sites/18/2019/06/_m6gy9ohgii.jpg]
[themebubble.com/demo/webify/shop/product-category/clothing/index2256.html]
[themebubble.com/demo/webify/shop/product-category/clothing/indexbd81.html]
[themebubble.com/demo/webify/shop/product-category/clothing/indexa46f.html]
[themebubble.com/demo/webify/shop/product-category/clothing/index45a2.html]
[themebubble.com/demo/webify/shop/2019/04/15/what-to-expect-in-a-changed-lifestyle/index.html]
[themebubble.com/demo/webify/shop/2019/04/15/a-brief-history-of-everything-in-between/index.html]
[webify-13e95.kxcdn.com/demo/webify/shop/wp-content/cache/min/18/c2231febdecdcbe3e3691b3bb0d0e2de.js]
[themebubble.com/demo/webify/shop/product-category/clothing/index.html]
[themebubble.com/demo/webify/shop/2019/04/15/sublime-art-of-not-worrying-at-all/index.html]
[themebubble.com/demo/webify/shop/2019/04/15/the-life-hack-you-might-think-you-know/index.html]
[webify-13e95.kxcdn.com/demo/webify/shop/wp-content/cache/min/18/43b17312bcc80ee2456490c393b953b6.css]
[themebubble.com/demo/webify/shop/wp-json/wp/v2/pages/220.json]
[themebubble.com/demo/webify/shop/wp-json/oembed/1.0/embed691f.json]
[themebubble.com/demo/webify/shop/wp-json/oembed/1.0/embedf992]
[webify-13e95.kxcdn.com/demo/webify/shop/wp-content/uploads/sites/18/2019/06/flovxzwbjj4-728x485.jpg]
[themebubble.com/demo/webify/shop/category/lifestyle/index.html]
[webify-13e95.kxcdn.com/demo/webify/shop/wp-content/uploads/sites/18/2019/06/r5thd-aymps-570x392.jpg]
[webify-13e95.kxcdn.com/demo/webify/shop/wp-content/uploads/sites/18/2019/06/88tnht2g1k4-570x392.jpg]
[webify-13e95.kxcdn.com/demo/webify/shop/wp-content/uploads/sites/18/2019/06/s6nad1hfj-a-570x392.jpg]
[themebubble.com/demo/webify/shop/2019/04/15/there-will-be-a-time-when-it-all-goes-against-you/index.html]
[themebubble.com/demo/webify/shop/2019/04/15/smashing-dreams-more-of-it/index.html]
[webify-13e95.kxcdn.com/demo/webify/shop/wp-content/uploads/sites/18/2019/06/ggyn3rw31ji-570x392.jpg]
[webify-13e95.kxcdn.com/demo/webify/shop/wp-content/uploads/sites/18/2019/06/isyapvdzb5i-570x392.jpg]
[webify-13e95.kxcdn.com/demo/webify/shop/wp-content/uploads/sites/18/2019/06/flovxzwbjj4-570x392.jpg]
[themebubble.com/demo/webify/shop/blog/index.html]
[webify-13e95.kxcdn.com/demo/webify/shop/wp-content/cache/min/18/8bae2ebe98db899d36c775bfd4028c41.js]
[webify-13e95.kxcdn.com/demo/webify/shop/wp-content/plugins/instagram-feed-pro/css/sbi-styles.mina78f.css]
[webify-13e95.kxcdn.com/demo/webify/shop/wp-includes/css/dist/block-library/style.min5697.css]
[webify-13e95.kxcdn.com/demo/webify/shop/wp-includes/css/dist/block-library/theme.min5697.css]
[webify-13e95.kxcdn.com/demo/webify/shop/wp-content/plugins/woocommerce/packages/woocommerce-blocks/build/vendors-styleaf6c.css]
[webify-13e95.kxcdn.com/demo/webify/shop/wp-content/plugins/woocommerce/packages/woocommerce-blocks/build/styleaf6c.css]
[webify-13e95.kxcdn.com/demo/webify/shop/wp-content/plugins/contact-form-7/includes/css/stylesde54.css]
[webify-13e95.kxcdn.com/demo/webify/shop/wp-content/plugins/woocommerce/assets/css/select26996.css]
[webify-13e95.kxcdn.com/demo/webify/shop/wp-content/plugins/yith-woocommerce-quick-view/assets/css/yith-quick-view6dbf.css]
[webify-13e95.kxcdn.com/demo/webify/shop/wp-content/themes/webify/assets/css/bootstrap.min8a54.css]
[webify-13e95.kxcdn.com/demo/webify/shop/wp-content/themes/webify/assets/css/iconsmind8a54.css]
[webify-13e95.kxcdn.com/demo/webify/shop/wp-content/themes/webify/assets/css/unit-testing8a54.css]
[webify-13e95.kxcdn.com/demo/webify/shop/wp-content/themes/webify/assets/css/woocommerce8a54.css]
[webify-13e95.kxcdn.com/demo/webify/shop/wp-content/themes/webify/assets/css/header8a54.css]
[webify-13e95.kxcdn.com/demo/webify/shop/wp-content/themes/webify/assets/css/ytv8a54.css]
[webify-13e95.kxcdn.com/demo/webify/shop/wp-content/themes/webify/assets/css/style8a54.css]
[themebubble.com/demo/webify/shop/wp-content/themes/webify/assets/img/error-bg.jpg]
[webify-13e95.kxcdn.com/demo/webify/shop/wp-content/plugins/newsletter/styleb34b.css]
[webify-13e95.kxcdn.com/demo/webify/shop/wp-includes/js/jquery/jquery4a5f.js]
[themebubble.com/demo/webify/shop/wp-json/wp/v2/pages/100.json]
[themebubble.com/demo/webify/shop/wp-json/oembed/1.0/embed5614.json]
[themebubble.com/demo/webify/shop/wp-json/oembed/1.0/embed664a]
[themebubble.com/demo/webify/shop/wp-content/themes/webify/assets/img/logo-dark.png]
[themebubble.com/demo/webify/shop/wp-content/themes/webify/assets/img/user.svg]
[themebubble.com/demo/webify/shop/wp-content/themes/webify/assets/img/search.svg]
[themebubble.com/demo/webify/shop/wp-content/themes/webify/assets/img/shopping-bag.svg]
[themebubble.com/demo/webify/shop/wp-admin/admin-ajax.php]
[themebubble.com/demo/webify/shop/my-account/lost-password/index.html]
[webify-13e95.kxcdn.com/demo/webify/shop/wp-content/themes/webify/assets/css/flaticon8a54.css]
[themebubble.com/demo/webify/shop/privacy/index.html]
[webify-13e95.kxcdn.com/demo/webify/shop/wp-content/themes/webify/assets/css/shortcodes/tab8a54.css]
[webify-13e95.kxcdn.com/demo/webify/shop/wp-content/themes/webify/assets/css/shortcodes/button8a54.css]
[webify-13e95.kxcdn.com/demo/webify/shop/wp-content/themes/webify/assets/css/shortcodes/newsletter8a54.css]
[webify-13e95.kxcdn.com/demo/webify/shop/wp-content/plugins/woocommerce/assets/css/photoswipe/photoswipe.min6996.css]
[webify-13e95.kxcdn.com/demo/webify/shop/wp-content/plugins/woocommerce/assets/css/photoswipe/default-skin/default-skin.min6996.css]
[webify-13e95.kxcdn.com/demo/webify/shop/wp-content/plugins/contact-form-7/includes/js/scriptsde54.js]
[webify-13e95.kxcdn.com/demo/webify/shop/wp-content/plugins/woocommerce/assets/js/jquery-blockui/jquery.blockUI.min44fd.js]
[webify-13e95.kxcdn.com/demo/webify/shop/wp-content/plugins/woocommerce/assets/js/frontend/add-to-cart.min6996.js]
[webify-13e95.kxcdn.com/demo/webify/shop/wp-content/plugins/woocommerce/assets/js/selectWoo/selectWoo.full.min0ba6.js]
[webify-13e95.kxcdn.com/demo/webify/shop/wp-content/plugins/woocommerce/assets/js/js-cookie/js.cookie.min6b25.js]
[webify-13e95.kxcdn.com/demo/webify/shop/wp-content/plugins/woocommerce/assets/js/frontend/woocommerce.min6996.js]
[webify-13e95.kxcdn.com/demo/webify/shop/wp-content/plugins/woocommerce/assets/js/frontend/cart-fragments.min6996.js]
[webify-13e95.kxcdn.com/demo/webify/shop/wp-content/plugins/yith-woocommerce-quick-view/assets/js/frontend.min6dbf.js]
[webify-13e95.kxcdn.com/demo/webify/shop/wp-includes/js/comment-reply.min5697.js]
[webify-13e95.kxcdn.com/demo/webify/shop/wp-content/themes/webify/assets/js/parallax.min8a54.js]
[webify-13e95.kxcdn.com/demo/webify/shop/wp-content/themes/webify/assets/js/jquery.formstone.min8a54.js]
[webify-13e95.kxcdn.com/demo/webify/shop/wp-content/themes/webify/assets/js/main8a54.js]
[webify-13e95.kxcdn.com/demo/webify/shop/wp-includes/js/wp-embed.min5697.js]
[webify-13e95.kxcdn.com/demo/webify/shop/wp-includes/js/underscore.min4511.js]
[webify-13e95.kxcdn.com/demo/webify/shop/wp-includes/js/wp-util.min5697.js]
[webify-13e95.kxcdn.com/demo/webify/shop/wp-content/plugins/woocommerce/assets/js/frontend/add-to-cart-variation.min6996.js]
[webify-13e95.kxcdn.com/demo/webify/shop/wp-content/plugins/woocommerce/assets/js/zoom/jquery.zoom.min5a35.js]
[webify-13e95.kxcdn.com/demo/webify/shop/wp-content/plugins/woocommerce/assets/js/photoswipe/photoswipe.min0235.js]
[webify-13e95.kxcdn.com/demo/webify/shop/wp-content/plugins/woocommerce/assets/js/photoswipe/photoswipe-ui-default.min0235.js]
[webify-13e95.kxcdn.com/demo/webify/shop/wp-content/plugins/woocommerce/assets/js/frontend/single-product.min6996.js]
[themebubble.com/demo/webify/shop/my-account/index.html]
[themebubble.com/demo/webify/shop/wp-json/wp/v2/pages/92.json]
[themebubble.com/demo/webify/shop/wp-json/oembed/1.0/embedc0a3.json]
[themebubble.com/demo/webify/shop/wp-json/oembed/1.0/embedf0ea]
[webify-13e95.kxcdn.com/demo/webify/shop/wp-content/uploads/sites/18/2019/06/Claudie_28R1E19-04_H_1-300x300.jpg]
[webify-13e95.kxcdn.com/demo/webify/shop/wp-content/plugins/woocommerce/assets/js/frontend/country-select.min6996.js]
[themebubble.com/demo/webify/shop/checkout/index.html]
[webify-13e95.kxcdn.com/demo/webify/shop/wp-content/plugins/woocommerce/assets/js/frontend/address-i18n.min6996.js]
[webify-13e95.kxcdn.com/demo/webify/shop/wp-content/plugins/woocommerce/assets/js/frontend/cart.min6996.js]
[themebubble.com/demo/webify/shop/cart/index.html]
[webify-13e95.kxcdn.com/demo/webify/shop/wp-content/uploads/sites/18/2019/05/shop01.jpg]
[themebubble.com/demo/webify/shop/product-category/clothing/accessories/index.html]
[webify-13e95.kxcdn.com/demo/webify/shop/wp-content/cache/min/18/5bee4e3c80c8982c903023456d52724e.css]
[themebubble.com/demo/webify/shop/wp-json/wp/v2/product/21.json]
[themebubble.com/demo/webify/shop/wp-json/oembed/1.0/embed0dbe.json]
[themebubble.com/demo/webify/shop/wp-json/oembed/1.0/embedfe9d]
[webify-13e95.kxcdn.com/demo/webify/shop/wp-content/uploads/sites/18/2019/05/subscribe-img.png]
[themebubble.com/demo/webify/shop/product/album/index.html]
[themebubble.com/demo/webify/shop/product-category/music/index.html]
[webify-13e95.kxcdn.com/demo/webify/shop/wp-content/cache/min/18/36d44b12ba88d8bfeef7d837ba47dda0.js]
[themebubble.com/demo/webify/shop/product-category/music/feed/index.html]
[webify-13e95.kxcdn.com/demo/webify/shop/wp-content/cache/min/18/2694cc96496385b4f7de105e5d20bca6.css]
[themebubble.com/demo/webify/shop/wp-json/wp/v2/product/13.json]
[themebubble.com/demo/webify/shop/wp-json/oembed/1.0/embedda37.json]
[themebubble.com/demo/webify/shop/product/beanie/feed/index.html]
[themebubble.com/demo/webify/shop/wp-json/oembed/1.0/embed93f2]
[webify-13e95.kxcdn.com/demo/webify/shop/wp-content/uploads/sites/18/2019/06/Claudie_25G1E19-02_H_1-600x880.jpg]
[themebubble.com/demo/webify/shop/product/beanie/index.html]
[themebubble.com/demo/webify/shop/product/beanie/index2256.html]
[themebubble.com/demo/webify/shop/product/beanie/indexfeb1.html]
[themebubble.com/demo/webify/shop/product/beanie/indexbd81.html]
[themebubble.com/demo/webify/shop/wp-content/uploads/sites/18/2019/06/vtru22pwbgm.jpg]
[themebubble.com/demo/webify/shop/wp-content/plugins/instagram-feed-pro/css/sbi-styles.mina78f.css]
[themebubble.com/demo/webify/shop/wp-includes/css/dist/block-library/style.min5697.css]
[themebubble.com/demo/webify/shop/wp-includes/css/dist/block-library/theme.min5697.css]
[themebubble.com/demo/webify/shop/wp-content/plugins/woocommerce/packages/woocommerce-blocks/build/vendors-styleaf6c.css]
[themebubble.com/demo/webify/shop/wp-content/plugins/woocommerce/packages/woocommerce-blocks/build/styleaf6c.css]
[themebubble.com/demo/webify/shop/wp-content/plugins/contact-form-7/includes/css/stylesde54.css]
[themebubble.com/demo/webify/shop/wp-content/plugins/yith-woocommerce-quick-view/assets/css/yith-quick-view6dbf.css]
[themebubble.com/demo/webify/shop/wp-content/themes/webify/assets/css/bootstrap.min8a54.css]
[themebubble.com/demo/webify/shop/wp-content/themes/webify/assets/css/iconsmind8a54.css]
[themebubble.com/demo/webify/shop/wp-content/themes/webify/assets/css/unit-testing8a54.css]
[themebubble.com/demo/webify/shop/wp-content/themes/webify/assets/css/woocommerce8a54.css]
[themebubble.com/demo/webify/shop/wp-content/themes/webify/assets/css/header8a54.css]
[themebubble.com/demo/webify/shop/wp-content/themes/webify/assets/css/ytv8a54.css]
[themebubble.com/demo/webify/shop/wp-content/themes/webify/assets/css/style8a54.css]
[themebubble.com/demo/webify/shop/wp-content/plugins/newsletter/styleb34b.css]
[themebubble.com/demo/webify/shop/wp-content/plugins/elementor/assets/lib/eicons/css/elementor-icons.min74e5.css]
[themebubble.com/demo/webify/shop/wp-content/plugins/elementor/assets/lib/animations/animations.min5b75.css]
[themebubble.com/demo/webify/shop/wp-content/plugins/elementor/assets/css/frontend-legacy.min5b75.css]
[themebubble.com/demo/webify/shop/wp-content/plugins/elementor/assets/css/frontend.min5b75.css]
[themebubble.com/demo/webify/shop/wp-content/plugins/elementor/assets/lib/font-awesome/css/font-awesome.min1849.css]
[themebubble.com/demo/webify/shop/wp-content/uploads/sites/18/elementor/css/post-602e7a.css]
[themebubble.com/demo/webify/shop/wp-includes/js/jquery/jquery4a5f.js]
[themebubble.com/demo/webify/shop/wp-content/uploads/sites/18/2019/05/cropped-favicon-32x32.png]
[themebubble.com/demo/webify/shop/wp-content/uploads/sites/18/2019/05/cropped-favicon-192x192.png]
[themebubble.com/demo/webify/shop/wp-content/uploads/sites/18/2019/05/cropped-favicon-180x180.png]
[themebubble.com/demo/webify/shop/wp-content/uploads/sites/18/2019/05/shop-hero-bg.jpg]
[themebubble.com/demo/webify/shop/wp-content/uploads/sites/18/2019/05/shop03.jpg]
[themebubble.com/demo/webify/shop/wp-content/uploads/sites/18/2019/06/Claudie_31P2E19-04_H_1.jpg]
[themebubble.com/demo/webify/shop/wp-content/uploads/sites/18/2019/06/Claudie_28R1E19-04_H_1.jpg]
[themebubble.com/demo/webify/shop/wp-content/uploads/sites/18/2019/06/Claudie_25G1E19-02_H_1.jpg]
[themebubble.com/demo/webify/shop/wp-content/uploads/sites/18/2019/06/Claudie_72B1E19-02_H_1.jpg]
[themebubble.com/demo/webify/shop/wp-content/uploads/sites/18/2019/06/Claudie_50R1E19-3684_H_1.jpg]
[themebubble.com/demo/webify/shop/wp-content/uploads/sites/18/2019/05/Claudie_67R2E19-0310_H_1.jpg]
[themebubble.com/demo/webify/shop/wp-content/uploads/sites/18/2019/06/Claudie_79R1E19-6874_H_1.jpg]
[themebubble.com/demo/webify/shop/wp-content/uploads/sites/18/2019/05/shop09.jpg]
[themebubble.com/demo/webify/shop/wp-content/uploads/sites/18/2020/02/shop08.jpg]
[themebubble.com/demo/webify/shop/wp-content/uploads/sites/18/2020/02/shop09.jpg]
[themebubble.com/demo/webify/shop/wp-content/uploads/sites/18/2019/06/Claudie_45S1E19-02_H_1.jpg]
[themebubble.com/demo/webify/shop/wp-content/uploads/sites/18/2019/05/vnech-tee-green-1.jpg]
[themebubble.com/demo/webify/shop/wp-content/uploads/sites/18/2019/05/Claudie_10R1E19-8652_H_1.jpg]
[themebubble.com/demo/webify/shop/wp-content/uploads/sites/18/2019/05/shop-client06.png]
[themebubble.com/demo/webify/shop/wp-content/uploads/sites/18/2019/05/shop-client05.png]
[themebubble.com/demo/webify/shop/wp-content/uploads/sites/18/2019/05/shop-client04.png]
[themebubble.com/demo/webify/shop/wp-content/uploads/sites/18/2019/05/shop-client03.png]
[themebubble.com/demo/webify/shop/wp-content/uploads/sites/18/2019/05/shop-client02.png]
[themebubble.com/demo/webify/shop/wp-content/uploads/sites/18/2019/05/shop-client01.png]
[themebubble.com/demo/webify/shop/wp-content/uploads/sites/18/2019/06/flovxzwbjj4.jpg]
[themebubble.com/demo/webify/shop/wp-content/uploads/sites/18/2019/06/88tnht2g1k4.jpg]
[scontent-lga3-2.cdninstagram.com/v/t51.2885-15/13652108_292867811082857_1774588294_n072d.jpg]
[themebubble.com/demo/webify/shop/wp-content/plugins/instagram-feed-pro/img/placeholder.png]
[scontent-lga3-2.cdninstagram.com/v/t51.2885-15/30087864_353546465165372_8644423360320634880_n10c3.jpg]
[scontent-lga3-2.cdninstagram.com/v/t51.2885-15/20213847_1565192483525411_3795131886993408000_n54c3.jpg]
[scontent-lga3-2.cdninstagram.com/v/t51.2885-15/12917973_525216644345816_627842337_n048a.jpg]
[scontent-lga3-2.cdninstagram.com/v/t51.2885-15/17819165_1175914252507403_845397233418371072_n21d4.jpg]
[scontent-lga3-2.cdninstagram.com/v/t51.2885-15/35999800_216783128956672_8841206478216888320_n4cf9.jpg]
[scontent-lga3-2.cdninstagram.com/v/t51.2885-15/10808843_328136367378374_85533782_nba63.jpg]
[scontent-lga3-2.cdninstagram.com/v/t51.2885-15/12346275_931117833620020_241162159_n3931.jpg]
[themebubble.com/demo/webify/shop/wp-content/themes/webify/assets/css/flaticon8a54.css]
[themebubble.com/demo/webify/shop/wp-content/themes/webify/assets/css/slick8a54.css]
[themebubble.com/demo/webify/shop/wp-content/themes/webify/assets/css/shortcodes/button8a54.css]
[themebubble.com/demo/webify/shop/wp-content/themes/webify/assets/css/shortcodes/hero8a54.css]
[themebubble.com/demo/webify/shop/wp-content/themes/webify/assets/css/shortcodes/slider8a54.css]
[themebubble.com/demo/webify/shop/wp-content/themes/webify/assets/css/shortcodes/shop-card8a54.css]
[themebubble.com/demo/webify/shop/wp-content/themes/webify/assets/css/shortcodes/shop-feature8a54.css]
[themebubble.com/demo/webify/shop/wp-content/themes/webify/assets/css/shortcodes/client8a54.css]
[themebubble.com/demo/webify/shop/wp-content/themes/webify/assets/css/shortcodes/post8a54.css]
[themebubble.com/demo/webify/shop/wp-content/themes/webify/assets/css/shortcodes/instagram8a54.css]
[themebubble.com/demo/webify/shop/wp-content/themes/webify/assets/css/shortcodes/cta8a54.css]
[themebubble.com/demo/webify/shop/wp-content/themes/webify/assets/css/shortcodes/newsletter8a54.css]
[themebubble.com/demo/webify/shop/wp-content/plugins/woocommerce/assets/css/photoswipe/photoswipe.min6996.css]
[themebubble.com/demo/webify/shop/wp-content/plugins/woocommerce/assets/css/photoswipe/default-skin/default-skin.min6996.css]
[themebubble.com/demo/webify/shop/wp-content/plugins/contact-form-7/includes/js/scriptsde54.js]
[themebubble.com/demo/webify/shop/wp-content/plugins/woocommerce/assets/js/jquery-blockui/jquery.blockUI.min44fd.js]
[themebubble.com/demo/webify/shop/wp-content/plugins/woocommerce/assets/js/frontend/add-to-cart.min6996.js]
[themebubble.com/demo/webify/shop/wp-content/plugins/woocommerce/assets/js/js-cookie/js.cookie.min6b25.js]
[themebubble.com/demo/webify/shop/wp-content/plugins/woocommerce/assets/js/frontend/woocommerce.min6996.js]
[themebubble.com/demo/webify/shop/wp-content/plugins/woocommerce/assets/js/frontend/cart-fragments.min6996.js]
[themebubble.com/demo/webify/shop/wp-content/plugins/yith-woocommerce-quick-view/assets/js/frontend.min6dbf.js]
[themebubble.com/demo/webify/shop/wp-includes/js/comment-reply.min5697.js]
[themebubble.com/demo/webify/shop/wp-content/themes/webify/assets/js/parallax.min8a54.js]
[themebubble.com/demo/webify/shop/wp-content/themes/webify/assets/js/jquery.formstone.min8a54.js]
[themebubble.com/demo/webify/shop/wp-content/themes/webify/assets/js/main8a54.js]
[themebubble.com/demo/webify/shop/wp-includes/js/wp-embed.min5697.js]
[themebubble.com/demo/webify/shop/wp-content/themes/webify/assets/js/slick.min8a54.js]
[themebubble.com/demo/webify/shop/wp-includes/js/underscore.min4511.js]
[themebubble.com/demo/webify/shop/wp-content/plugins/instagram-feed-pro/js/sbi-scripts.mina78f.js]
[themebubble.com/demo/webify/shop/wp-includes/js/wp-util.min5697.js]
[themebubble.com/demo/webify/shop/wp-content/plugins/woocommerce/assets/js/frontend/add-to-cart-variation.min6996.js]
[themebubble.com/demo/webify/shop/wp-content/plugins/woocommerce/assets/js/zoom/jquery.zoom.min5a35.js]
[themebubble.com/demo/webify/shop/wp-content/plugins/woocommerce/assets/js/photoswipe/photoswipe.min0235.js]
[themebubble.com/demo/webify/shop/wp-content/plugins/woocommerce/assets/js/photoswipe/photoswipe-ui-default.min0235.js]
[themebubble.com/demo/webify/shop/wp-content/plugins/woocommerce/assets/js/frontend/single-product.min6996.js]
[themebubble.com/demo/webify/shop/wp-content/plugins/elementor/assets/js/frontend-modules.min5b75.js]
[themebubble.com/demo/webify/shop/wp-includes/js/jquery/ui/position.mine899.js]
[themebubble.com/demo/webify/shop/wp-content/plugins/elementor/assets/lib/dialog/dialog.mina288.js]
[themebubble.com/demo/webify/shop/wp-content/plugins/elementor/assets/lib/waypoints/waypoints.min05da.js]
[themebubble.com/demo/webify/shop/wp-content/plugins/elementor/assets/lib/swiper/swiper.min48f5.js]
[themebubble.com/demo/webify/shop/wp-content/plugins/elementor/assets/lib/share-link/share-link.min5b75.js]
[themebubble.com/demo/webify/shop/index6caa.html]
[themebubble.com/demo/webify/shop/wp-content/plugins/elementor/assets/js/frontend.min5b75.js]
[themebubble.com/demo/webify/shop/product/beanie-with-logo/feed/index.html]
[themebubble.com/demo/webify/shop/wp-json/wp/v2/product/30.json]
[themebubble.com/demo/webify/shop/wp-json/oembed/1.0/embede580.json]
[themebubble.com/demo/webify/shop/wp-json/oembed/1.0/embed61c1]
[themebubble.com/demo/webify/shop/product/beanie-with-logo/index.html]
[themebubble.com/demo/webify/shop/indexfeb1.html]
[themebubble.com/demo/webify/shop/product/beanie-with-logo/index6caa.html]
[themebubble.com/demo/webify/shop/product/beanie-with-logo/indexbd81.html]
[themebubble.com/demo/webify/shop/product/beanie-with-logo/index2256.html]
[themebubble.com/demo/webify/shop/product/belt/feed/index.html]
[themebubble.com/demo/webify/shop/wp-json/wp/v2/product/14.json]
[themebubble.com/demo/webify/shop/wp-json/oembed/1.0/embedbfb2.json]
[themebubble.com/demo/webify/shop/wp-json/oembed/1.0/embed61b9]
[themebubble.com/demo/webify/shop/product/belt/index.html]
[themebubble.com/demo/webify/shop/index2256.html]
[themebubble.com/demo/webify/shop/product/belt/index6caa.html]
[themebubble.com/demo/webify/shop/product/belt/indexfeb1.html]
[themebubble.com/demo/webify/shop/product/belt/indexbd81.html]
[themebubble.com/demo/webify/shop/wp-json/wp/v2/product/15.json]
[themebubble.com/demo/webify/shop/product/cap/feed/index.html]
[themebubble.com/demo/webify/shop/wp-json/oembed/1.0/embede45c.json]
[themebubble.com/demo/webify/shop/wp-json/oembed/1.0/embedf62e]
[themebubble.com/demo/webify/shop/product/cap/index.html]
[themebubble.com/demo/webify/shop/indexbd81.html]
[themebubble.com/demo/webify/shop/product/cap/indexfeb1.html]
[themebubble.com/demo/webify/shop/product/cap/index2256.html]
[themebubble.com/demo/webify/shop/product/cap/index6caa.html]
[themebubble.com/demo/webify/shop/wp-json/wp/v2/product/10.json]
[themebubble.com/demo/webify/shop/product/hoodie/feed/index.html]
[themebubble.com/demo/webify/shop/wp-json/oembed/1.0/embed85f1.json]
[themebubble.com/demo/webify/shop/wp-json/oembed/1.0/embed3e02]
[themebubble.com/demo/webify/shop/product/hoodie/index.html]
[themebubble.com/demo/webify/shop/product-category/clothing/hoodies/index.html]
[themebubble.com/demo/webify/shop/product-category/clothing/hoodies/feed/index.html]
[themebubble.com/demo/webify/shop/product-category/clothing/hoodies/indexa46f.html]
[themebubble.com/demo/webify/shop/product/hoodie/indexa46f.html]
[themebubble.com/demo/webify/shop/wp-json/wp/v2/product/9.json]
[themebubble.com/demo/webify/shop/product/v-neck-t-shirt/feed/index.html]
[themebubble.com/demo/webify/shop/wp-json/oembed/1.0/embed07a2.json]
[themebubble.com/demo/webify/shop/wp-json/oembed/1.0/embed42d4]
[webify-13e95.kxcdn.com/demo/webify/shop/wp-content/uploads/sites/18/2019/05/vnech-tee-green-1-600x600.jpg]
[webify-13e95.kxcdn.com/demo/webify/shop/wp-content/uploads/sites/18/2019/05/vnech-tee-blue-1.jpg]
[webify-13e95.kxcdn.com/demo/webify/shop/wp-content/uploads/sites/18/2019/05/vnech-tee-blue-1-600x600.jpg]
[themebubble.com/demo/webify/shop/product/v-neck-t-shirt/index.html]
[themebubble.com/demo/webify/shop/product-category/clothing/tshirts/index.html]
[themebubble.com/demo/webify/shop/product/hoodie-with-logo/feed/index.html]
[themebubble.com/demo/webify/shop/wp-json/wp/v2/product/11.json]
[themebubble.com/demo/webify/shop/wp-json/oembed/1.0/embedefab.json]
[themebubble.com/demo/webify/shop/wp-json/oembed/1.0/embede4e4]
[themebubble.com/demo/webify/shop/product/hoodie-with-logo/index.html]
[themebubble.com/demo/webify/shop/indexa46f.html]
[themebubble.com/demo/webify/shop/wp-json/wp/v2/product/12.json]
[themebubble.com/demo/webify/shop/product/t-shirt/feed/index.html]
[themebubble.com/demo/webify/shop/wp-json/oembed/1.0/embeda7a8.json]
[themebubble.com/demo/webify/shop/wp-json/oembed/1.0/embed727e]
[themebubble.com/demo/webify/shop/product/t-shirt/index.html]
[themebubble.com/demo/webify/shop/index45a2.html]
[webify-13e95.kxcdn.com/demo/webify/shop/wp-content/cache/min/18/acfe219fc38a16f3220ec5b46118dea6.css]
[themebubble.com/demo/webify/shop/wp-json/wp/v2/posts/215.json]
[themebubble.com/demo/webify/shop/2019/04/15/the-thin-blur-line-between-corporate-lifestyle-other-things/feed/index.html]
[themebubble.com/demo/webify/shop/wp-json/oembed/1.0/embedb866.json]
[themebubble.com/demo/webify/shop/wp-json/oembed/1.0/embedaf1a]
[webify-13e95.kxcdn.com/demo/webify/creative/wp-content/uploads/sites/8/2019/04/qxyjgownc_i-1024x683.jpg]
[webify-13e95.kxcdn.com/demo/webify/creative/wp-content/uploads/sites/8/2019/04/d2phv1q00pk-1024x683.jpg]
[themebubble.com/demo/webify/shop/tag/fun/index.html]
[themebubble.com/demo/webify/shop/tag/food/index.html]
[themebubble.com/demo/webify/shop/2019/04/15/the-thin-blur-line-between-corporate-lifestyle-other-things/index.html]
[webify-13e95.kxcdn.com/demo/webify/shop/wp-content/cache/min/18/f75b958452bb2ef9c07c6de280f7a335.js]
[themebubble.com/demo/webify/shop/tag/workspace/index.html]
[themebubble.com/demo/webify/shop/tag/office/index.html]
[webify-13e95.kxcdn.com/demo/webify/shop/wp-content/cache/min/18/a16545bff4fcab1c9e50fabf801e8f38.css]
[themebubble.com/demo/webify/shop/wp-json/wp/v2/users/1.json]
[themebubble.com/demo/webify/shop/author/developmentthemebubble/page/2/index.html]
[themebubble.com/demo/webify/shop/author/developmentthemebubble/feed/index.html]
[webify-13e95.kxcdn.com/demo/webify/shop/wp-content/uploads/sites/18/2019/06/_m6gy9ohgii-570x392.jpg]
[themebubble.com/demo/webify/shop/author/developmentthemebubble/index.html]
[themebubble.com/demo/webify/shop/2019/04/15/the-future-of-south-lies-in-secret/index.html]
[webify-13e95.kxcdn.com/demo/webify/shop/wp-content/cache/min/18/18e1df9adb263ab0c607cf2b684ad53e.js]
[themebubble.com/demo/webify/shop/wp-json/wp/v2/posts/214.json]
[themebubble.com/demo/webify/shop/2019/04/15/halfway-though-a-decade-more/feed/index.html]
[themebubble.com/demo/webify/shop/wp-json/oembed/1.0/embed3c7d.json]
[themebubble.com/demo/webify/shop/wp-json/oembed/1.0/embedc0ec]
[themebubble.com/demo/webify/shop/2019/04/15/halfway-though-a-decade-more/index.html]
[themebubble.com/demo/webify/shop/wp-json/wp/v2/posts/213.json]
[themebubble.com/demo/webify/shop/2019/04/15/how-to-live-a-balanced-life-like-everyone/feed/index.html]
[themebubble.com/demo/webify/shop/wp-json/oembed/1.0/embed0496.json]
[themebubble.com/demo/webify/shop/wp-json/oembed/1.0/embed0cb0]
[webify-13e95.kxcdn.com/demo/webify/shop/wp-content/uploads/sites/18/2019/06/s6nad1hfj-a.jpg]
[themebubble.com/demo/webify/shop/2019/04/15/how-to-live-a-balanced-life-like-everyone/index.html]
[webify-13e95.kxcdn.com/demo/webify/shop/wp-content/cache/min/18/1261c020ece5491fb790b83cf92656f6.css]
[themebubble.com/demo/webify/shop/wp-content/uploads/sites/18/2019/05/agg71899_camel_xl-1.jpg]
[themebubble.com/demo/webify/shop/wp-content/uploads/sites/18/2019/05/agg71899_camel_xl-1-300x300.jpg]
[themebubble.com/demo/webify/shop/wp-content/uploads/sites/18/2019/06/Claudie_72B1E19-02_H_1-300x300.jpg]
[themebubble.com/demo/webify/shop/wp-content/uploads/sites/18/2019/06/Claudie_31P2E19-04_H_1-300x300.jpg]
[themebubble.com/demo/webify/shop/wp-content/uploads/sites/18/2019/05/Claudie_67R2E19-0310_H_1-300x300.jpg]
[themebubble.com/demo/webify/shop/wp-content/uploads/sites/18/2019/06/Claudie_50R1E19-3684_H_1-300x300.jpg]
[themebubble.com/demo/webify/shop/wp-includes/js/jquery/ui/core.mine899.js]
[themebubble.com/demo/webify/shop/wp-includes/js/jquery/ui/widget.mine899.js]
[themebubble.com/demo/webify/shop/wp-includes/js/jquery/ui/mouse.mine899.js]
[themebubble.com/demo/webify/shop/wp-includes/js/jquery/ui/slider.mine899.js]
[themebubble.com/demo/webify/shop/wp-content/plugins/woocommerce/assets/js/jquery-ui-touch-punch/jquery-ui-touch-punch.min6996.js]
[themebubble.com/demo/webify/shop/wp-content/plugins/woocommerce/assets/js/accounting/accounting.minaffb.js]
[themebubble.com/demo/webify/shop/wp-content/plugins/woocommerce/assets/js/frontend/price-slider.min6996.js]
[themebubble.com/demo/webify/shop/shop/index6caa.html]
[themebubble.com/demo/webify/shop/shop/indexfeb1.html]
[themebubble.com/demo/webify/shop/shop/index2256.html]
[themebubble.com/demo/webify/shop/shop/indexbd81.html]
[themebubble.com/demo/webify/shop/shop/indexa46f.html]
[themebubble.com/demo/webify/shop/shop/index45a2.html]
[themebubble.com/demo/webify/shop/product/wordpress-pennant/feed/index.html]
[themebubble.com/demo/webify/shop/wp-json/wp/v2/product/32.json]
[themebubble.com/demo/webify/shop/wp-json/oembed/1.0/embed16a0.json]
[themebubble.com/demo/webify/shop/wp-json/oembed/1.0/embed92de]
[webify-13e95.kxcdn.com/demo/webify/shop/wp-content/uploads/sites/18/2019/05/agg71899_camel_xl-1-600x900.jpg]
[themebubble.com/demo/webify/shop/product/wordpress-pennant/index.html]
[themebubble.com/demo/webify/shop/product-category/decor/index.html]
[themebubble.com/demo/webify/shop/shop/indexfd6b.html]
[themebubble.com/demo/webify/shop/product-category/decor/feed/index.html]
[themebubble.com/demo/webify/shop/product-category/uncategorized/index.html]
[webify-13e95.kxcdn.com/demo/webify/shop/wp-content/cache/min/18/80032d1c36a34c1f8e371c2f1d7fd04c.css]
[themebubble.com/demo/webify/shop/product-category/clothing/index6caa.html]
[themebubble.com/demo/webify/shop/product-category/clothing/indexfeb1.html]
[webify-13e95.kxcdn.com/demo/webify/shop/wp-content/cache/min/18/74558610e33728fec44f6c8e23afcd4b.css]
[themebubble.com/demo/webify/shop/product-category/uncategorized/feed/index.html]
[themebubble.com/demo/webify/shop/product-category/clothing/feed/index.html]
[themebubble.com/demo/webify/creative/wp-content/uploads/sites/8/2019/04/Untitled-1.png]
[themebubble.com/demo/webify/shop/wp-content/uploads/sites/18/2019/06/_m6gy9ohgii.jpg]
[themebubble.com/demo/webify/shop/product-category/clothing/index2256.html]
[themebubble.com/demo/webify/shop/product-category/clothing/indexbd81.html]
[themebubble.com/demo/webify/shop/product-category/clothing/indexa46f.html]
[themebubble.com/demo/webify/shop/product-category/clothing/index45a2.html]
[themebubble.com/demo/webify/shop/2019/04/15/what-to-expect-in-a-changed-lifestyle/feed/index.html]
[themebubble.com/demo/webify/shop/wp-json/oembed/1.0/embedba83.json]
[themebubble.com/demo/webify/shop/wp-json/oembed/1.0/embedcb54]
[themebubble.com/demo/webify/shop/2019/04/15/what-to-expect-in-a-changed-lifestyle/index.html]
[themebubble.com/demo/webify/shop/2019/04/15/a-brief-history-of-everything-in-between/feed/index.html]
[themebubble.com/demo/webify/shop/wp-json/wp/v2/posts/206.json]
[themebubble.com/demo/webify/shop/wp-json/oembed/1.0/embed86c6.json]
[themebubble.com/demo/webify/shop/wp-json/oembed/1.0/embed39e7]
[themebubble.com/demo/webify/shop/2019/04/15/a-brief-history-of-everything-in-between/index.html]
[themebubble.com/demo/webify/shop/wp-json/wp/v2/posts/208.json]
[themebubble.com/demo/webify/shop/2019/04/15/sublime-art-of-not-worrying-at-all/feed/index.html]
[themebubble.com/demo/webify/shop/wp-json/oembed/1.0/embed16e0.json]
[themebubble.com/demo/webify/shop/wp-json/oembed/1.0/embedf766]
[themebubble.com/demo/webify/shop/2019/04/15/sublime-art-of-not-worrying-at-all/index.html]
[themebubble.com/demo/webify/shop/wp-json/wp/v2/posts/210.json]
[themebubble.com/demo/webify/shop/2019/04/15/the-life-hack-you-might-think-you-know/feed/index.html]
[themebubble.com/demo/webify/shop/wp-json/oembed/1.0/embedb7f0.json]
[themebubble.com/demo/webify/shop/wp-json/oembed/1.0/embed46ae]
[webify-13e95.kxcdn.com/demo/webify/shop/wp-content/uploads/sites/18/2019/06/ggyn3rw31ji.jpg]
[themebubble.com/demo/webify/shop/2019/04/15/the-life-hack-you-might-think-you-know/index.html]
[webify-13e95.kxcdn.com/demo/webify/shop/wp-content/cache/min/18/43b17312bcc80ee2456490c393b953b6.css]
[themebubble.com/demo/webify/shop/index156c.html]
[themebubble.com/demo/webify/shop/wp-json/wp/v2/categories/32.json]
[themebubble.com/demo/webify/shop/category/lifestyle/index.html]
[themebubble.com/demo/webify/shop/category/lifestyle/page/2/index.html]
[themebubble.com/demo/webify/shop/wp-json/wp/v2/posts/212.json]
[themebubble.com/demo/webify/shop/wp-json/oembed/1.0/embeda34a.json]
[themebubble.com/demo/webify/shop/2019/04/15/there-will-be-a-time-when-it-all-goes-against-you/feed/index.html]
[themebubble.com/demo/webify/shop/wp-json/oembed/1.0/embedd666]
[themebubble.com/demo/webify/shop/2019/04/15/there-will-be-a-time-when-it-all-goes-against-you/index.html]
[themebubble.com/demo/webify/shop/2019/04/15/smashing-dreams-more-of-it/feed/index.html]
[themebubble.com/demo/webify/shop/wp-json/wp/v2/posts/211.json]
[themebubble.com/demo/webify/shop/wp-json/oembed/1.0/embed3eec.json]
[themebubble.com/demo/webify/shop/wp-json/oembed/1.0/embedb046]
[themebubble.com/demo/webify/shop/2019/04/15/smashing-dreams-more-of-it/index.html]
[webify-13e95.kxcdn.com/demo/webify/shop/wp-content/plugins/instagram-feed-pro/css/sbi-styles.mina78f.css]
[webify-13e95.kxcdn.com/demo/webify/shop/wp-includes/css/dist/block-library/style.min5697.css]
[webify-13e95.kxcdn.com/demo/webify/shop/wp-includes/css/dist/block-library/theme.min5697.css]
[webify-13e95.kxcdn.com/demo/webify/shop/wp-content/plugins/woocommerce/packages/woocommerce-blocks/build/vendors-styleaf6c.css]
[webify-13e95.kxcdn.com/demo/webify/shop/wp-content/plugins/woocommerce/packages/woocommerce-blocks/build/styleaf6c.css]
[themebubble.com/demo/webify/shop/blog/page/2/index.html]
[webify-13e95.kxcdn.com/demo/webify/shop/wp-content/plugins/contact-form-7/assets/ajax-loader.gif]
[webify-13e95.kxcdn.com/demo/webify/shop/wp-content/plugins/contact-form-7/includes/css/stylesde54.css]
[webify-13e95.kxcdn.com/demo/webify/shop/wp-content/plugins/webify-addons/assets/css/custom-font8a54.css]
[webify-13e95.kxcdn.com/demo/webify/shop/wp-content/plugins/woocommerce/assets/css/select26996.css]
[webify-13e95.kxcdn.com/demo/webify/shop/wp-content/plugins/yith-woocommerce-quick-view/assets/css/yith-quick-view6dbf.css]
[webify-13e95.kxcdn.com/demo/webify/shop/wp-content/themes/webify/assets/css/bootstrap.min8a54.css]
[webify-13e95.kxcdn.com/demo/webify/shop/wp-content/themes/webify/assets/css/iconsmind8a54.css]
[webify-13e95.kxcdn.com/demo/webify/shop/wp-content/themes/webify/assets/css/unit-testing8a54.css]
[webify-13e95.kxcdn.com/demo/webify/shop/wp-content/themes/webify/assets/css/woocommerce8a54.css]
[webify-13e95.kxcdn.com/demo/webify/shop/wp-content/themes/webify/assets/css/header8a54.css]
[webify-13e95.kxcdn.com/demo/webify/shop/wp-content/themes/webify/assets/css/ytv8a54.css]
[webify-13e95.kxcdn.com/demo/webify/shop/wp-content/themes/webify/assets/css/style8a54.css]
[webify-13e95.kxcdn.com/demo/webify/shop/wp-content/plugins/newsletter/styleb34b.css]
[themebubble.com/demo/webify/shop/index3f5a.html]
[themebubble.com/demo/webify/shop/wp-content/themes/webify/assets/img/user.svg]
[themebubble.com/demo/webify/shop/wp-content/themes/webify/assets/img/search.svg]
[themebubble.com/demo/webify/shop/wp-content/themes/webify/assets/img/shopping-bag.svg]
[webify-13e95.kxcdn.com/demo/webify/shop/wp-includes/js/zxcvbn-async.min5152.js]
[webify-13e95.kxcdn.com/demo/webify/shop/wp-includes/js/dist/vendor/wp-polyfill.min89b1.js]
[webify-13e95.kxcdn.com/demo/webify/shop/wp-includes/js/dist/vendor/wp-polyfill-fetch.min6e0e.js]
[webify-13e95.kxcdn.com/demo/webify/shop/wp-includes/js/dist/vendor/wp-polyfill-node-contains.min2e00.js]
[webify-13e95.kxcdn.com/demo/webify/shop/wp-includes/js/dist/vendor/wp-polyfill-dom-rect.min2e00.js]
[webify-13e95.kxcdn.com/demo/webify/shop/wp-includes/js/dist/vendor/wp-polyfill-url.min5aed.js]
[webify-13e95.kxcdn.com/demo/webify/shop/wp-includes/js/dist/vendor/wp-polyfill-formdata.mine9bd.js]
[webify-13e95.kxcdn.com/demo/webify/shop/wp-includes/js/dist/vendor/wp-polyfill-element-closest.min4c56.js]
[webify-13e95.kxcdn.com/demo/webify/shop/wp-includes/js/dist/i18n.min77be.js]
[webify-13e95.kxcdn.com/demo/webify/shop/wp-admin/js/password-strength-meter.min5697.js]
[webify-13e95.kxcdn.com/demo/webify/shop/wp-content/plugins/woocommerce/assets/js/frontend/password-strength-meter.min6996.js]
[webify-13e95.kxcdn.com/demo/webify/shop/wp-content/plugins/woocommerce/assets/js/frontend/lost-password.min6996.js]
[themebubble.com/demo/webify/shop/my-account/lost-password/index.html]
[webify-13e95.kxcdn.com/demo/webify/shop/wp-content/cache/min/18/35dd8cb37a518469273c03ab4858bb98.css]
[webify-13e95.kxcdn.com/demo/webify/shop/wp-content/uploads/sites/18/2019/06/dynv-ri-3cy.jpg]
[themebubble.com/demo/webify/shop/wp-json/wp/v2/pages/112.json]
[themebubble.com/demo/webify/shop/wp-json/oembed/1.0/embed3ab0.json]
[themebubble.com/demo/webify/shop/wp-json/oembed/1.0/embedfaf6]
[themebubble.com/demo/webify/shop/privacy/index.html]
[themebubble.com/demo/webify/shop/wp-admin/admin-ajax.html]
[webify-13e95.kxcdn.com/demo/webify/shop/wp-content/themes/webify/assets/css/Flaticon.svg]
[webify-13e95.kxcdn.com/demo/webify/shop/wp-content/themes/webify/assets/css/flaticon8a54.css]
[webify-13e95.kxcdn.com/demo/webify/shop/wp-content/themes/webify/assets/css/shortcodes/tab8a54.css]
[webify-13e95.kxcdn.com/demo/webify/shop/wp-content/themes/webify/assets/css/shortcodes/button8a54.css]
[webify-13e95.kxcdn.com/demo/webify/shop/wp-content/themes/webify/assets/css/shortcodes/newsletter8a54.css]
[webify-13e95.kxcdn.com/demo/webify/shop/wp-content/plugins/woocommerce/assets/css/photoswipe/photoswipe.min6996.css]
[webify-13e95.kxcdn.com/demo/webify/shop/wp-content/themes/webify/assets/css/shortcodes/cta8a54.css]
[webify-13e95.kxcdn.com/demo/webify/shop/wp-content/plugins/woocommerce/assets/css/photoswipe/default-skin/default-skin.svg]
[webify-13e95.kxcdn.com/demo/webify/shop/wp-content/plugins/woocommerce/assets/css/photoswipe/default-skin/default-skin.min6996.css]
[themebubble.com/demo/webify/shop/index8e15.html]
[themebubble.com/demo/webify/shop/cart/index97ab.html]
[themebubble.com/demo/webify/shop/wp-json/wp/v2/pages/95.json]
[webify-13e95.kxcdn.com/demo/webify/shop/wp-includes/js/imagesloaded.mineda1.js]
[themebubble.com/demo/webify/shop/wp-json/oembed/1.0/embed362f.json]
[themebubble.com/demo/webify/shop/wp-json/oembed/1.0/embedc341]
[www.paypalobjects.com/webstatic/mktg/Logo/AM_mc_vs_ms_ae_UK.png]
[webify-13e95.kxcdn.com/demo/webify/shop/wp-content/plugins/woocommerce/assets/js/frontend/checkout.min6996.js]
[themebubble.com/demo/webify/shop/checkout/index.html]
[webify-13e95.kxcdn.com/demo/webify/shop/wp-content/cache/min/18/5bee4e3c80c8982c903023456d52724e.css]
[themebubble.com/demo/webify/shop/index3965.html]
[webify-13e95.kxcdn.com/demo/webify/shop/wp-content/cache/min/18/2694cc96496385b4f7de105e5d20bca6.css]
[themebubble.com/demo/webify/shop/index2dc4.html]
[themebubble.com/demo/webify/shop/wp-content/uploads/sites/18/2019/06/Claudie_25G1E19-02_H_1-600x880.jpg]
[themebubble.com/demo/webify/shop/product/album/feed/index.html]
[themebubble.com/demo/webify/shop/wp-content/uploads/sites/18/2019/05/subscribe-img.png]
[themebubble.com/demo/webify/shop/wp-content/plugins/woocommerce/assets/js/flexslider/jquery.flexslider.mineed8.js]
[themebubble.com/demo/webify/shop/product/beanie/index2256.html]
[themebubble.com/demo/webify/shop/product/beanie/indexfeb1.html]
[themebubble.com/demo/webify/shop/product/beanie/indexbd81.html]
[themebubble.com/demo/webify/shop/wp-content/plugins/instagram-feed-pro/img/sbi-sprite.png]
[themebubble.com/demo/webify/shop/wp-content/plugins/instagram-feed-pro/css/sbi-styles.mina78f.css]
[themebubble.com/demo/webify/shop/wp-includes/css/dist/block-library/style.min5697.css]
[themebubble.com/demo/webify/shop/wp-includes/css/dist/block-library/theme.min5697.css]
[themebubble.com/demo/webify/shop/wp-content/plugins/woocommerce/packages/woocommerce-blocks/build/vendors-styleaf6c.css]
[themebubble.com/demo/webify/shop/wp-content/plugins/woocommerce/packages/woocommerce-blocks/build/styleaf6c.css]
[themebubble.com/demo/webify/shop/wp-content/plugins/contact-form-7/assets/ajax-loader.gif]
[themebubble.com/demo/webify/shop/wp-content/plugins/contact-form-7/includes/css/stylesde54.css]
[themebubble.com/demo/webify/shop/wp-content/plugins/webify-addons/assets/css/custom-font8a54.css]
[themebubble.com/demo/webify/shop/wp-content/plugins/yith-woocommerce-quick-view/assets/css/yith-quick-view6dbf.css]
[themebubble.com/demo/webify/shop/wp-content/themes/webify/assets/css/bootstrap.min8a54.css]
[themebubble.com/demo/webify/shop/wp-content/themes/webify/assets/css/iconsmind8a54.css]
[themebubble.com/demo/webify/shop/wp-content/themes/webify/assets/css/unit-testing8a54.css]
[themebubble.com/demo/webify/shop/wp-content/themes/webify/assets/css/woocommerce8a54.css]
[themebubble.com/demo/webify/shop/wp-content/themes/webify/assets/css/header8a54.css]
[themebubble.com/demo/webify/shop/wp-content/themes/webify/assets/css/ytv8a54.css]
[themebubble.com/demo/webify/shop/wp-content/themes/webify/assets/fonts/iconsmind.eot]
[themebubble.com/demo/webify/shop/wp-content/themes/webify/assets/fonts/iconsmind.woff]
[themebubble.com/demo/webify/shop/wp-content/themes/webify/assets/css/style8a54.css]
[themebubble.com/demo/webify/shop/wp-content/plugins/newsletter/styleb34b.css]
[themebubble.com/demo/webify/shop/wp-content/plugins/elementor/assets/lib/eicons/fonts/eiconsc2cd.eot]
[themebubble.com/demo/webify/shop/wp-content/themes/webify/assets/fonts/iconsmind.ttf]
[themebubble.com/demo/webify/shop/wp-content/themes/webify/assets/fonts/circular-regular.ttf]
[themebubble.com/demo/webify/shop/wp-content/plugins/elementor/assets/lib/eicons/fonts/eiconsc2cd.html]
[themebubble.com/demo/webify/shop/wp-content/plugins/elementor/assets/lib/eicons/fonts/eiconsc2cd.woff]
[themebubble.com/demo/webify/shop/wp-content/plugins/elementor/assets/lib/eicons/css/elementor-icons.min74e5.css]
[themebubble.com/demo/webify/shop/wp-content/plugins/elementor/assets/lib/animations/animations.min5b75.css]
[themebubble.com/demo/webify/shop/wp-content/plugins/elementor/assets/css/frontend-legacy.min5b75.css]
[themebubble.com/demo/webify/shop/wp-content/plugins/elementor/assets/css/frontend.min5b75.css]
[themebubble.com/demo/webify/shop/wp-content/plugins/elementor/assets/lib/eicons/fonts/eiconsc2cd.ttf]
[themebubble.com/demo/webify/shop/wp-content/plugins/elementor/assets/lib/eicons/fonts/eiconsc2cd.svg]
[themebubble.com/demo/webify/shop/wp-content/plugins/elementor/assets/lib/font-awesome/fonts/fontawesome-webfont3e6e.eot]
[themebubble.com/demo/webify/shop/wp-content/plugins/elementor/assets/lib/font-awesome/fonts/fontawesome-webfontd41d.eot]
[themebubble.com/demo/webify/shop/wp-content/plugins/elementor/assets/lib/font-awesome/fonts/fontawesome-webfont3e6e.html]
[themebubble.com/demo/webify/shop/wp-content/plugins/elementor/assets/lib/font-awesome/fonts/fontawesome-webfont3e6e.woff]
[themebubble.com/demo/webify/shop/wp-content/plugins/elementor/assets/lib/font-awesome/fonts/fontawesome-webfont3e6e.ttf]
[themebubble.com/demo/webify/shop/wp-content/plugins/elementor/assets/lib/font-awesome/css/font-awesome.min1849.css]
[themebubble.com/demo/webify/shop/wp-content/uploads/sites/18/elementor/css/post-602e7a.css]
[themebubble.com/demo/webify/shop/wp-content/uploads/sites/18/2019/05/shop02.jpg]
[themebubble.com/demo/webify/shop/wp-content/uploads/sites/18/2019/05/shop01.jpg]
[themebubble.com/demo/webify/shop/wp-content/plugins/elementor/assets/lib/font-awesome/fonts/fontawesome-webfont3e6e.svg]
[themebubble.com/demo/webify/shop/wp-content/themes/webify/assets/fonts/Flaticon.eot]
[themebubble.com/demo/webify/shop/wp-content/uploads/sites/18/2019/06/r5thd-aymps.jpg]
[themebubble.com/demo/webify/shop/wp-content/themes/webify/assets/fonts/Flaticond41d.eot]
[themebubble.com/demo/webify/shop/wp-content/themes/webify/assets/fonts/Flaticon.woff]
[themebubble.com/demo/webify/shop/wp-content/themes/webify/assets/fonts/Flaticon.ttf]
[themebubble.com/demo/webify/shop/wp-content/themes/webify/assets/fonts/Flaticon.svg]
[themebubble.com/demo/webify/shop/wp-content/themes/webify/assets/css/Flaticon.svg]
[themebubble.com/demo/webify/shop/wp-content/themes/webify/assets/css/flaticon8a54.css]
[themebubble.com/demo/webify/shop/wp-content/themes/webify/assets/css/slick8a54.css]
[themebubble.com/demo/webify/shop/wp-content/themes/webify/assets/css/shortcodes/button8a54.css]
[themebubble.com/demo/webify/shop/wp-content/themes/webify/assets/css/shortcodes/hero8a54.css]
[themebubble.com/demo/webify/shop/wp-content/themes/webify/assets/img/drag.png]
[themebubble.com/demo/webify/shop/wp-content/themes/webify/assets/css/shortcodes/slider8a54.css]
[themebubble.com/demo/webify/shop/wp-content/themes/webify/assets/css/shortcodes/shop-card8a54.css]
[themebubble.com/demo/webify/shop/wp-content/themes/webify/assets/css/shortcodes/shop-feature8a54.css]
[themebubble.com/demo/webify/shop/wp-content/themes/webify/assets/css/shortcodes/client8a54.css]
[themebubble.com/demo/webify/shop/wp-content/themes/webify/assets/css/shortcodes/post8a54.css]
[themebubble.com/demo/webify/shop/wp-content/themes/webify/assets/css/shortcodes/instagram8a54.css]
[themebubble.com/demo/webify/shop/wp-content/themes/webify/assets/css/shortcodes/cta8a54.css]
[themebubble.com/demo/webify/shop/wp-content/themes/webify/assets/css/shortcodes/newsletter8a54.css]
[themebubble.com/demo/webify/shop/wp-content/plugins/woocommerce/assets/css/photoswipe/default-skin/default-skin.png]
[themebubble.com/demo/webify/shop/wp-content/plugins/woocommerce/assets/css/photoswipe/photoswipe.min6996.css]
[themebubble.com/demo/webify/shop/wp-content/plugins/woocommerce/assets/css/photoswipe/default-skin/default-skin.svg]
[themebubble.com/demo/webify/shop/wp-content/plugins/woocommerce/assets/css/photoswipe/default-skin/preloader.gif]
[themebubble.com/demo/webify/shop/wp-content/plugins/woocommerce/assets/css/photoswipe/default-skin/default-skin.min6996.css]
[themebubble.com/demo/webify/shop/index5643.html]
[themebubble.com/demo/webify/shop/product/beanie-with-logo/index6caa.html]
[themebubble.com/demo/webify/shop/product/beanie-with-logo/indexbd81.html]
[themebubble.com/demo/webify/shop/product/beanie-with-logo/index2256.html]
[themebubble.com/demo/webify/shop/index0b69.html]
[themebubble.com/demo/webify/shop/product/belt/indexfeb1.html]
[themebubble.com/demo/webify/shop/product/belt/indexbd81.html]
[themebubble.com/demo/webify/shop/product/belt/index6caa.html]
[themebubble.com/demo/webify/shop/indexa1ca.html]
[themebubble.com/demo/webify/shop/product/cap/index2256.html]
[themebubble.com/demo/webify/shop/product/cap/index6caa.html]
[themebubble.com/demo/webify/shop/product/cap/indexfeb1.html]
[themebubble.com/demo/webify/shop/index64b4.html]
[themebubble.com/demo/webify/shop/product/hoodie/indexa46f.html]
[themebubble.com/demo/webify/shop/product-category/clothing/hoodies/indexa46f.html]
[themebubble.com/demo/webify/shop/indexb5fb.html]
[themebubble.com/demo/webify/shop/index5757.html]
[themebubble.com/demo/webify/shop/index678b.html]
[webify-13e95.kxcdn.com/demo/webify/shop/wp-content/cache/min/18/acfe219fc38a16f3220ec5b46118dea6.css]
[themebubble.com/demo/webify/shop/indexd7c9.html]
[themebubble.com/demo/webify/shop/wp-includes/js/imagesloaded.mineda1.js]
[themebubble.com/demo/webify/shop/product-category/clothing/tshirts/feed/index.html]
[themebubble.com/demo/webify/shop/tag/food/feed/index.html]
[themebubble.com/demo/webify/shop/wp-json/wp/v2/tags/30.json]
[themebubble.com/demo/webify/shop/tag/food/index.html]
[themebubble.com/demo/webify/shop/tag/food/page/2/index.html]
[themebubble.com/demo/webify/shop/wp-json/wp/v2/tags/31.json]
[themebubble.com/demo/webify/shop/tag/fun/index.html]
[themebubble.com/demo/webify/shop/tag/fun/page/2/index.html]
[themebubble.com/demo/webify/shop/tag/fun/feed/index.html]
[themebubble.com/demo/webify/shop/wp-json/wp/v2/tags/33.json]
[themebubble.com/demo/webify/shop/tag/office/index.html]
[themebubble.com/demo/webify/shop/tag/office/page/2/index.html]
[themebubble.com/demo/webify/shop/tag/office/feed/index.html]
[themebubble.com/demo/webify/shop/wp-json/wp/v2/tags/34.json]
[themebubble.com/demo/webify/shop/tag/workspace/index.html]
[webify-13e95.kxcdn.com/demo/webify/shop/wp-content/cache/min/18/a16545bff4fcab1c9e50fabf801e8f38.css]
[themebubble.com/demo/webify/shop/author/developmentthemebubble/page/2/index.html]
[themebubble.com/demo/webify/shop/2019/04/13/hello/index.html]
[themebubble.com/demo/webify/shop/tag/workspace/page/2/index.html]
[themebubble.com/demo/webify/shop/tag/workspace/feed/index.html]
[themebubble.com/demo/webify/shop/wp-json/wp/v2/posts/202.json]
[themebubble.com/demo/webify/shop/2019/04/15/the-future-of-south-lies-in-secret/feed/index.html]
[themebubble.com/demo/webify/shop/wp-json/oembed/1.0/embedd727.json]
[themebubble.com/demo/webify/shop/wp-json/oembed/1.0/embedc8ea]
[themebubble.com/demo/webify/shop/2019/04/15/the-future-of-south-lies-in-secret/index.html]
[themebubble.com/demo/webify/shop/indexba1b.html]
[themebubble.com/demo/webify/shop/indexf3dd.html]
[themebubble.com/demo/webify/shop/xmlrpc0db0.php]
[themebubble.com/demo/webify/shop/index6c46.html]
[webify-13e95.kxcdn.com/demo/webify/shop/wp-content/cache/min/18/74558610e33728fec44f6c8e23afcd4b.css]
[themebubble.com/demo/webify/shop/product-category/clothing/index6caa.html]
[themebubble.com/demo/webify/shop/product-category/clothing/indexfeb1.html]
[themebubble.com/demo/webify/shop/indexcb89.html]
[themebubble.com/demo/webify/shop/index1e11.html]
[themebubble.com/demo/webify/shop/index0eba.html]
[themebubble.com/demo/webify/shop/indexe4c6.html]
[themebubble.com/demo/webify/shop/category/lifestyle/page/2/index.html]
[themebubble.com/demo/webify/shop/wp-content/uploads/sites/18/2019/06/isyapvdzb5i.jpg]
[themebubble.com/demo/webify/shop/index905c.html]
[themebubble.com/demo/webify/shop/index0114.html]
[themebubble.com/demo/webify/shop/wp-json/wp/v2/posts/204]
[themebubble.com/demo/webify/shop/category/lifestyle/feed/index.html]
[webify-13e95.kxcdn.com/demo/webify/shop/wp-content/uploads/sites/18/2019/06/_m6gy9ohgii-728x485.jpg]
[themebubble.com/demo/webify/shop/blog/page/2/index.html]
[webify-13e95.kxcdn.com/demo/webify/shop/wp-content/cache/min/18/35dd8cb37a518469273c03ab4858bb98.css]
[themebubble.com/demo/webify/shop/index8820.html]
[webify-13e95.kxcdn.com/demo/webify/shop/wp-content/themes/webify/assets/css/Flaticon.html]
[webify-13e95.kxcdn.com/demo/webify/shop/wp-content/themes/webify/assets/css/shortcodes/cta8a54.css]
[webify-13e95.kxcdn.com/demo/webify/shop/wp-content/plugins/woocommerce/assets/css/photoswipe/default-skin/default-skin.svg]
[themebubble.com/demo/webify/shop/cart/indexaafe.html]
[themebubble.com/demo/webify/shop/index5eda.html]
[themebubble.com/demo/webify/shop/cart/index0497.html]
[themebubble.com/demo/webify/shop/wp-content/plugins/elementor/assets/lib/eicons/fonts/eiconsc2cd.html]
[themebubble.com/demo/webify/shop/wp-content/plugins/elementor/assets/lib/eicons/fonts/eiconsc2cd.svg]
[themebubble.com/demo/webify/shop/wp-content/plugins/elementor/assets/lib/font-awesome/fonts/fontawesome-webfont3e6e.html]
[themebubble.com/demo/webify/shop/wp-content/plugins/elementor/assets/lib/font-awesome/fonts/fontawesome-webfont3e6e.svg]
[themebubble.com/demo/webify/shop/wp-content/themes/webify/assets/fonts/Flaticon.svg]
[themebubble.com/demo/webify/shop/wp-content/themes/webify/assets/css/Flaticon.html]
[themebubble.com/demo/webify/shop/wp-content/plugins/woocommerce/assets/css/photoswipe/default-skin/default-skin.svg]
[themebubble.com/demo/webify/shop/product/v-neck-t-shirt/index45a2.html]
[themebubble.com/demo/webify/shop/tag/food/page/2/index.html]
[themebubble.com/demo/webify/shop/product-category/clothing/tshirts/index45a2.html]
[themebubble.com/demo/webify/shop/tag/fun/page/2/index.html]
[themebubble.com/demo/webify/shop/tag/office/page/2/index.html]
[themebubble.com/demo/webify/shop/tag/workspace/page/2/index.html]
[webify-13e95.kxcdn.com/demo/webify/shop/wp-content/cache/min/18/61549be300a7e00ebeeb5eac3dd386f9.css]
[themebubble.com/demo/webify/shop/wp-json/wp/v2/posts/118.json]
[themebubble.com/demo/webify/shop/2019/04/13/hello/feed/index.html]
[themebubble.com/demo/webify/shop/wp-json/oembed/1.0/embed964b.json]
[themebubble.com/demo/webify/shop/wp-json/oembed/1.0/embedbe49]
[themebubble.com/demo/webify/shop/2019/04/13/hello/index.html]
[themebubble.com/demo/webify/shop/author/developmentthemebubble/page/1/index.html]
[themebubble.com/demo/webify/shop/index6452.html]
[webify-13e95.kxcdn.com/demo/webify/shop/wp-content/themes/webify/assets/css/img/drag.html]
[themebubble.com/demo/webify/shop/category/lifestyle/page/1/index.html]
[themebubble.com/demo/webify/shop/blog/page/1/index.html]
[themebubble.com/demo/webify/shop/wp-content/uploads/sites/18/2019/05/vnech-tee-blue-1-600x600.jpg]
[themebubble.com/demo/webify/shop/product/v-neck-t-shirt/index45a2.html]
[themebubble.com/demo/webify/shop/product-category/clothing/tshirts/index45a2.html]
[themebubble.com/demo/webify/shop/tag/food/page/1/index.html]
[themebubble.com/demo/webify/shop/tag/fun/page/1/index.html]
[themebubble.com/demo/webify/shop/tag/workspace/page/1/index.html]
[webify-13e95.kxcdn.com/demo/webify/shop/wp-content/cache/min/18/61549be300a7e00ebeeb5eac3dd386f9.css]
[themebubble.com/demo/webify/shop/indexdb4e.html]
[webify-13e95.kxcdn.com/demo/webify/shop/wp-content/cache/min/18/b4ef8b7cb7d2bc6c4cfa4d2b7855f33f.js]
[themebubble.com/demo/webify/shop/wp-content/themes/webify/assets/css/img/drag.html]
[themebubble.com/demo/webify/shop/wp-content/uploads/sites/18/2019/05/vnech-tee-green-1-600x600.jpg]
[themebubble.com/demo/webify/shop/tag/office/page/1/index.html]
[themebubble.com/demo/webify/shop/wp-content/uploads/sites/18/2019/05/vnech-tee-blue-1.jpg]
